// Jest Snapshot v1, https://goo.gl/fbAQLP

exports[`renders App without crashing 1`] = `
<div
  className="App"
>
  <Navigation
    isSignedIn={false}
    onRouteChange={[Function]}
  />
  <Welcome
    onRouteChange={[Function]}
  />
</div>
`;
